


ARM Macro Assembler    Page 1 


    1 00000000                 AREA             MyProg, CODE, READONLY
    2 00000000                 EXPORT           delaye
    3 00000000 40020814 
                       GPIOC_ODR
                               EQU              0x40020814
    4 00000000         
    5 00000000         delaye  PROC
    6 00000000 B43F            push             {r0-r5}     ;
    7 00000002 4B08            ldr              r3, =GPIOC_ODR ;
    8 00000004 F04F 0100       mov              r1, #0      ;
    9 00000008 6019            str              r1, [r3]    ;
   10 0000000A F04F 0400       mov              r4, #0      ;
   11 0000000E F04F 0501       mov              r5, #1      ;
   12 00000012 F242 72A6       mov              r2, #10150  ;  
   13 00000016 F104 0401 
                       Lp2     add              r4, #1      ;
   14 0000001A 4294            cmp              r4, r2      ;
   15 0000001C D1FB            BNE              Lp2         ;
   16 0000001E 601D            str              r5, [r3]    ;
   17 00000020 BC3F            pop              {r0-r5}     ;
   18 00000022 4770            bx               lr          ;
   19 00000024                 ENDP
   20 00000024                 END
              40020814 
Command Line: --debug --xref --diag_suppress=9931 --cpu=Cortex-M4.fp --apcs=int
erwork --depend=.\objects\delaye.d -o.\objects\delaye.o -I.\RTE\_Target_1 -IC:\
Keil_v5\ARM\PACK\ARM\CMSIS\5.4.0\CMSIS\Core\Include -IC:\Keil_v5\ARM\PACK\ARM\C
MSIS\5.4.0\CMSIS\DSP\Include -IC:\Keil_v5\ARM\PACK\Keil\STM32F4xx_DFP\2.13.0\Dr
ivers\CMSIS\Device\ST\STM32F4xx\Include --predefine="__EVAL SETA 1" --predefine
="__UVISION_VERSION SETA 526" --predefine="_RTE_ SETA 1" --predefine="STM32F446
xx SETA 1" --list=.\listings\delaye.lst delaye.s



ARM Macro Assembler    Page 1 Alphabetic symbol ordering
Relocatable symbols

Lp2 00000016

Symbol: Lp2
   Definitions
      At line 13 in file delaye.s
   Uses
      At line 15 in file delaye.s
Comment: Lp2 used once
MyProg 00000000

Symbol: MyProg
   Definitions
      At line 1 in file delaye.s
   Uses
      None
Comment: MyProg unused
delaye 00000000

Symbol: delaye
   Definitions
      At line 5 in file delaye.s
   Uses
      At line 2 in file delaye.s
Comment: delaye used once
3 symbols



ARM Macro Assembler    Page 1 Alphabetic symbol ordering
Absolute symbols

GPIOC_ODR 40020814

Symbol: GPIOC_ODR
   Definitions
      At line 3 in file delaye.s
   Uses
      At line 7 in file delaye.s
Comment: GPIOC_ODR used once
1 symbol
341 symbols in table
