A51 MACRO ASSEMBLER  ASSEM                                                                10/19/2018 02:02:17 PAGE     1


MACRO ASSEMBLER A51 V8.02c
OBJECT MODULE PLACED IN .\Objects\assem.obj
ASSEMBLER INVOKED BY: C:\Keil_v5\C51\BIN\A51.EXE assem.a51 SET(SMALL) DEBUG PRINT(.\Listings\assem.lst) OBJECT(.\Objects
                      \assem.obj) EP

LOC  OBJ            LINE     SOURCE

                       1     public _Assem
                       2             ;Define a relocatable code segment named Assemb
                       3             Assemb SEGMENT CODE
                       4                     ;Select Assemb as the active segment
----                   5                     RSEG Assemb
                       6                             ;entry point of the C langauge call
0000 7E00              7                     _Assem: mov R6, #0; ;return 0 as int
0002 7F00              8                                     mov R7, #0;
0004 22                9                     ret
                      10                     end
                                                     
A51 MACRO ASSEMBLER  ASSEM                                                                10/19/2018 02:02:17 PAGE     2

SYMBOL TABLE LISTING
------ ----- -------


N A M E             T Y P E  V A L U E   ATTRIBUTES

ASSEMB . . . . . .  C SEG    0005H       REL=UNIT
_ASSEM . . . . . .  C ADDR   0000H   R   SEG=ASSEMB


REGISTER BANK(S) USED: 0 


ASSEMBLY COMPLETE.  0 WARNING(S), 0 ERROR(S)
