A51 MACRO ASSEMBLER  TESTASM                                                              08/27/2018 11:52:23 PAGE     1


MACRO ASSEMBLER A51 V8.2.7.0
OBJECT MODULE PLACED IN .\Objects\TestAsm.obj
ASSEMBLER INVOKED BY: C:\Keil_v5\C51\BIN\A51.EXE TestAsm.a51 SET(SMALL) DEBUG PRINT(.\Listings\TestAsm.lst) OBJECT(.\Obj
                      ects\TestAsm.obj) EP

LOC  OBJ            LINE     SOURCE

                       1     MainSeg SEGMENT CODE
                       2     ;
                       3     ;
----                   4     CSEG at 0h
0000 020000   F        5             ljmp Start
----                   6     RSEG MainSeg
0000 0580              7     Start: inc P0
0002 80FC              8             sjmp Start
                       9             
                      10             END
A51 MACRO ASSEMBLER  TESTASM                                                              08/27/2018 11:52:23 PAGE     2

SYMBOL TABLE LISTING
------ ----- -------


N A M E             T Y P E  V A L U E   ATTRIBUTES

MAINSEG. . . . . .  C SEG    0004H       REL=UNIT
P0 . . . . . . . .  D ADDR   0080H   A   
START. . . . . . .  C ADDR   0000H   R   SEG=MAINSEG


REGISTER BANK(S) USED: 0 


ASSEMBLY COMPLETE.  0 WARNING(S), 0 ERROR(S)
