C51 COMPILER V9.54   ATODSIMULATE                                                          10/05/2015 05:43:07 PAGE 1   


C51 COMPILER V9.54, COMPILATION OF MODULE ATODSIMULATE
OBJECT MODULE PLACED IN AtoDSimulate.OBJ
COMPILER INVOKED BY: C:\Keil_v5\C51\BIN\C51.EXE AtoDSimulate.c OPTIMIZE(8,SPEED) BROWSE DEBUG OBJECTEXTEND

line level    source

   1          //AtoDTest.c
   2          #include <at89c51cc03.h>
   3          //Takes the input from the A/D converter channel 0 and
   4          // sends it to P2 and P3.  Assumes P2 has D/A triggered
   5          // by bit P4.0.  P2 holds 8 MSBs.
   6          /****************************************************************
   7          To run this in the simulator start the logic analyzer and in Setup enter AIN0 
   8          to allow input on channel 0 of the A/D.  To see the output enter
   9          port2 in Setup.
  10          
  11          To start a simulated sine wave on AIN0 type ADC() at the bottom of the 
  12          simulator page in the command window after the prompt >
  13          */
  14          void main (void) 
  15             {unsigned char tmp;     
  16   1          ADCF  = 0x01;        // P1.0 = ADC[0]
  17   1          ADCON = 0x20;        // Enable ADC Function
  18   1          ADCLK = 0x00;        // Prescaler to 0
  19   1          EA = 0;              //Turn off interrupts
  20   1          while(1)             // Loop Forever
  21   1           {ADCON &= 0xF8;     // Reset ADC Channel Select
  22   2            ADCON |= 0x00;     // Select ADC = Ch0            
  23   2            ADCON |= 0x20;     // Use Standard mode
  24   2            ADCON |= 0x08;     // Start ADC Convert
  25   2            tmp = (ADCON & 0x10);    // Get done bit
  26   2            while(tmp != 0x10)       // Loop until complete
  27   2              tmp = (ADCON & 0x10);
  28   2            P2 = ADDH;               // Send 8 MSB to P2
  29   2            P3 = ADDL;
  30   2            P4_0 = 0;                // Low going pulse to D to A 
  31   2            P4_0 = 1;                //  write line
  32   2            ADCON &= 0xEF;           // Clear ADEOC = 0
  33   2           }      
  34   1         }


MODULE INFORMATION:   STATIC OVERLAYABLE
   CODE SIZE        =     49    ----
   CONSTANT SIZE    =   ----    ----
   XDATA SIZE       =   ----    ----
   PDATA SIZE       =   ----    ----
   DATA SIZE        =   ----    ----
   IDATA SIZE       =   ----    ----
   BIT SIZE         =   ----    ----
END OF MODULE INFORMATION.


C51 COMPILATION COMPLETE.  0 WARNING(S),  0 ERROR(S)
