A51 MACRO ASSEMBLER  DELAY1                                                               09/18/2018 11:47:03 PAGE     1


MACRO ASSEMBLER A51 V8.02c
OBJECT MODULE PLACED IN .\Objects\delay1.obj
ASSEMBLER INVOKED BY: C:\Keil_v5\C51\BIN\A51.EXE delay1.a51 SET(SMALL) DEBUG PRINT(.\Listings\delay1.lst) OBJECT(.\Objec
                      ts\delay1.obj) EP

LOC  OBJ            LINE     SOURCE

                       1     MainSeg SEGMENT CODE    
----                   2             CSEG at 0h
0000 020000   F        3                     ljmp Start
----                   4             RSEG MainSeg
0000 7BAA              5             Start:          mov R3, #170
0002 7C0C              6                     LP4:    mov R4, #12
0004 DCFE              7                     LP3:    djnz R4, LP3
0006 DBFA              8                                     djnz R3, LP4
                       9                             
0008 80F6             10                             jmp Start
                      11             
                      12             END
A51 MACRO ASSEMBLER  DELAY1                                                               09/18/2018 11:47:03 PAGE     2

SYMBOL TABLE LISTING
------ ----- -------


N A M E             T Y P E  V A L U E   ATTRIBUTES

LP3. . . . . . . .  C ADDR   0004H   R   SEG=MAINSEG
LP4. . . . . . . .  C ADDR   0002H   R   SEG=MAINSEG
MAINSEG. . . . . .  C SEG    000AH       REL=UNIT
START. . . . . . .  C ADDR   0000H   R   SEG=MAINSEG


REGISTER BANK(S) USED: 0 


ASSEMBLY COMPLETE.  0 WARNING(S), 0 ERROR(S)
