A51 MACRO ASSEMBLER  PROJ1                                                                09/06/2018 01:32:19 PAGE     1


MACRO ASSEMBLER A51 V8.02c
OBJECT MODULE PLACED IN proj1.OBJ
ASSEMBLER INVOKED BY: C:\Keil_v5\C51\BIN\A51.EXE proj1.a51 SET(SMALL) DEBUG PRINT(.\Listings\proj1.lst) EP

LOC  OBJ            LINE     SOURCE

                       1     MainSeg SEGMENT CODE
                       2             ;
----                   3             CSEG at 0h
0000 020000   F        4                     ljmp Start
----                   5             RSEG MainSeg
0000                   6                     Start:  
0000 E5B0              7                                     mov a, p3   ;read p3 into accumulator
0002 ABB0              8                                     mov r3, p3      ;move p3 in r3                          
0004 5480              9                                     anl a, #80h ;see if p3.7 is 1 or 0      
0006 6002             10                                     jz L1       ;if 3.7 = 0 jump to L1
0008 7007             11                                     jnz L2      ;if 3.7 = 1 jump to L2
                      12                                     
000A EB               13                     L1:     mov a, r3
000B 5440             14                                     anl a, #40h ;see if p3.6 is 1 or 0                         
                                  
000D 6009             15                                     jz L3       ;if 3.6 is 0, then L3
000F 700D             16                                     jnz L4      ;if 3.6 is 1, then L4
                      17                                     
0011 EB               18                     L2:             mov a, r3
0012 5440             19                                     anl a, #40h ;see if p3.6 is 1 or 0
0014 600E             20                                     jz L5       ;if 3.6 is 0, then L3
0016 7012             21                                     jnz L6      ;if 3.6 is 1, then L4       
                      22                                     
0018 C290             23                     L3:             clr P1.0    ;turn P1.0 LED on
001A C291             24                                     clr P1.1    ;turn P1.1 LED on
001C 8012             25                                     sjmp Lo1     ;jump to Lo1
                      26                                     
001E D290             27                     L4:             setb P1.0    ;turn P1.0 LED on
0020 D291             28                                     setb P1.1    ;turn P1.1 LED on          
0022 80DC             29                                     jmp Start   ;jmp to start 
                      30                                     
0024 C290             31                     L5:             clr P1.0    ;turn P1.0 LED off
0026 C291             32                                     clr P1.1    ;turn P1.1 LED off          
0028 80D6             33                                     jmp Start   ;jmp to start 
                      34                                     
002A C290             35                     L6:             clr P1.0    ;turn P1.0 LED on
002C C291             36                                     clr P1.1    ;turn P1.1 LED on   
002E 8004             37                                     sjmp Lo4
                      38     
0030 7A80             39                     Lo1:    mov r2, #128
0032 8004             40                                     jmp Lo2
0034 7AFF             41                     Lo4:    mov r2, #255
0036 8000             42                                     jmp Lo2
                      43                                     
0038 1A               44                     Lo2:    dec r2
0039 79FF             45                                 mov r1, #255
003B 19               46                     Lo3:    dec r1
003C E9               47                                     mov a, r1
003D 70FC             48                                     jnz Lo3
003F EA               49                                     mov a, r2
0040 70F6             50                                     jnz Lo2                 
0042 D290             51                                     setb P1.0    ;turn P1.0 LED off
0044 D291             52                                     setb P1.1    ;turn p1.1 LED off
0046 7A80             53                                     mov r2, #128
0048 1A               54                     Lo6:    dec r2
0049 79FF             55                                     mov r1, #255
004B 19               56                     Lo5:    dec r1
004C E9               57                                     mov a, r1
A51 MACRO ASSEMBLER  PROJ1                                                                09/06/2018 01:32:19 PAGE     2

004D 70FC             58                                     jnz Lo5
004F EA               59                                     mov a, r2
0050 70F6             60                                     jnz Lo6
0052 80AC             61                                     jmp Start
                      62                                     
                      63                     
                      64                                             
                      65                     
                      66     END
A51 MACRO ASSEMBLER  PROJ1                                                                09/06/2018 01:32:19 PAGE     3

SYMBOL TABLE LISTING
------ ----- -------


N A M E             T Y P E  V A L U E   ATTRIBUTES

L1 . . . . . . . .  C ADDR   000AH   R   SEG=MAINSEG
L2 . . . . . . . .  C ADDR   0011H   R   SEG=MAINSEG
L3 . . . . . . . .  C ADDR   0018H   R   SEG=MAINSEG
L4 . . . . . . . .  C ADDR   001EH   R   SEG=MAINSEG
L5 . . . . . . . .  C ADDR   0024H   R   SEG=MAINSEG
L6 . . . . . . . .  C ADDR   002AH   R   SEG=MAINSEG
LO1. . . . . . . .  C ADDR   0030H   R   SEG=MAINSEG
LO2. . . . . . . .  C ADDR   0038H   R   SEG=MAINSEG
LO3. . . . . . . .  C ADDR   003BH   R   SEG=MAINSEG
LO4. . . . . . . .  C ADDR   0034H   R   SEG=MAINSEG
LO5. . . . . . . .  C ADDR   004BH   R   SEG=MAINSEG
LO6. . . . . . . .  C ADDR   0048H   R   SEG=MAINSEG
MAINSEG. . . . . .  C SEG    0054H       REL=UNIT
P1 . . . . . . . .  D ADDR   0090H   A   
P3 . . . . . . . .  D ADDR   00B0H   A   
START. . . . . . .  C ADDR   0000H   R   SEG=MAINSEG


REGISTER BANK(S) USED: 0 


ASSEMBLY COMPLETE.  0 WARNING(S), 0 ERROR(S)
