Component: ARM Compiler 5.06 update 6 (build 750) Tool: armlink [4d35ed]

==============================================================================

Section Cross References

    main.o(i.ASCII) refers to _printf_percent.o(.ARM.Collect$$_printf_percent$$00000000) for _printf_percent
    main.o(i.ASCII) refers to _printf_d.o(.ARM.Collect$$_printf_percent$$00000009) for _printf_d
    main.o(i.ASCII) refers to _printf_dec.o(.text) for _printf_int_dec
    main.o(i.ASCII) refers to noretval__2sprintf.o(.text) for __2sprintf
    main.o(i.ASCII) refers to main.o(i.USART1_Write) for USART1_Write
    main.o(i.I2C1_ReceiveData) refers to main.o(i.I2C1_WaitLineIdle) for I2C1_WaitLineIdle
    main.o(i.I2C1_ReceiveData) refers to main.o(i.I2C1_Start) for I2C1_Start
    main.o(i.I2C1_ReceiveData) refers to main.o(i.I2C1_Stop) for I2C1_Stop
    main.o(i.I2C1_SendData) refers to main.o(i.I2C1_WaitLineIdle) for I2C1_WaitLineIdle
    main.o(i.I2C1_SendData) refers to main.o(i.I2C1_Start) for I2C1_Start
    main.o(i.I2C1_SendData) refers to main.o(i.I2C1_Stop) for I2C1_Stop
    main.o(i.main) refers to main.o(i.VEM6070_Init) for VEM6070_Init
    main.o(i.main) refers to main.o(i.GPIO_Init) for GPIO_Init
    main.o(i.main) refers to main.o(i.I2C1_Initialize) for I2C1_Initialize
    main.o(i.main) refers to main.o(i.ADC_Init) for ADC_Init
    main.o(i.main) refers to main.o(i.USART1_Initialize) for USART1_Initialize
    main.o(i.main) refers to main.o(i.Timer2Init) for Timer2Init
    main.o(i.main) refers to main.o(i.Timer1Init) for Timer1Init
    main.o(i.main) refers to main.o(i.turnSDOff) for turnSDOff
    main.o(i.main) refers to main.o(i.turnSensorOff) for turnSensorOff
    main.o(i.main) refers to main.o(i.turnSensorOn) for turnSensorOn
    main.o(i.main) refers to main.o(i.I2C1_SendData) for I2C1_SendData
    main.o(i.main) refers to main.o(i.I2C1_ReceiveData) for I2C1_ReceiveData
    main.o(i.main) refers to main.o(i.turnSDOn) for turnSDOn
    main.o(i.main) refers to main.o(i.ASCII) for ASCII
    startup_stm32l432xx.o(STACK) refers (Special) to heapauxi.o(.text) for __use_two_region_memory
    startup_stm32l432xx.o(HEAP) refers (Special) to heapauxi.o(.text) for __use_two_region_memory
    startup_stm32l432xx.o(RESET) refers (Special) to heapauxi.o(.text) for __use_two_region_memory
    startup_stm32l432xx.o(RESET) refers to startup_stm32l432xx.o(STACK) for __initial_sp
    startup_stm32l432xx.o(RESET) refers to startup_stm32l432xx.o(.text) for Reset_Handler
    startup_stm32l432xx.o(.text) refers (Special) to heapauxi.o(.text) for __use_two_region_memory
    startup_stm32l432xx.o(.text) refers to system_stm32l4xx.o(i.SystemInit) for SystemInit
    startup_stm32l432xx.o(.text) refers to __main.o(!!!main) for __main
    startup_stm32l432xx.o(.text) refers to startup_stm32l432xx.o(HEAP) for Heap_Mem
    startup_stm32l432xx.o(.text) refers to startup_stm32l432xx.o(STACK) for Stack_Mem
    system_stm32l4xx.o(i.SystemCoreClockUpdate) refers to system_stm32l4xx.o(.constdata) for MSIRangeTable
    system_stm32l4xx.o(i.SystemCoreClockUpdate) refers to system_stm32l4xx.o(.data) for SystemCoreClock
    __2sprintf.o(.text) refers to _printf_char_common.o(.text) for _printf_char_common
    __2sprintf.o(.text) refers to _sputc.o(.text) for _sputc
    noretval__2sprintf.o(.text) refers to _printf_char_common.o(.text) for _printf_char_common
    noretval__2sprintf.o(.text) refers to _sputc.o(.text) for _sputc
    __printf.o(.text) refers to _printf_percent.o(.ARM.Collect$$_printf_percent$$00000000) for _printf_percent
    _printf_dec.o(.text) refers to _printf_intcommon.o(.text) for _printf_int_common
    __printf_flags.o(.text) refers to _printf_percent.o(.ARM.Collect$$_printf_percent$$00000000) for _printf_percent
    __printf_flags.o(.text) refers to __printf_flags.o(.constdata) for .constdata
    __printf_ss.o(.text) refers to _printf_percent.o(.ARM.Collect$$_printf_percent$$00000000) for _printf_percent
    __printf_flags_ss.o(.text) refers to _printf_percent.o(.ARM.Collect$$_printf_percent$$00000000) for _printf_percent
    __printf_flags_ss.o(.text) refers to __printf_flags_ss.o(.constdata) for .constdata
    __printf_wp.o(.text) refers to __printf_wp.o(i._is_digit) for _is_digit
    __printf_wp.o(.text) refers to _printf_percent.o(.ARM.Collect$$_printf_percent$$00000000) for _printf_percent
    __printf_flags_wp.o(.text) refers to __printf_wp.o(i._is_digit) for _is_digit
    __printf_flags_wp.o(.text) refers to _printf_percent.o(.ARM.Collect$$_printf_percent$$00000000) for _printf_percent
    __printf_flags_wp.o(.text) refers to __printf_flags_wp.o(.constdata) for .constdata
    __printf_ss_wp.o(.text) refers to __printf_wp.o(i._is_digit) for _is_digit
    __printf_ss_wp.o(.text) refers to _printf_percent.o(.ARM.Collect$$_printf_percent$$00000000) for _printf_percent
    __printf_flags_ss_wp.o(.text) refers to __printf_wp.o(i._is_digit) for _is_digit
    __printf_flags_ss_wp.o(.text) refers to _printf_percent.o(.ARM.Collect$$_printf_percent$$00000000) for _printf_percent
    __printf_flags_ss_wp.o(.text) refers to __printf_flags_ss_wp.o(.constdata) for .constdata
    _printf_d.o(.ARM.Collect$$_printf_percent$$00000009) refers (Weak) to _printf_dec.o(.text) for _printf_int_dec
    _printf_percent.o(.ARM.Collect$$_printf_percent$$00000000) refers (Special) to _printf_percent_end.o(.ARM.Collect$$_printf_percent$$00000017) for _printf_percent_end
    __main.o(!!!main) refers to __rtentry.o(.ARM.Collect$$rtentry$$00000000) for __rt_entry
    __rtentry.o(.ARM.Collect$$rtentry$$00000000) refers (Special) to __rtentry2.o(.ARM.Collect$$rtentry$$0000000A) for __rt_entry_li
    __rtentry.o(.ARM.Collect$$rtentry$$00000000) refers (Special) to __rtentry2.o(.ARM.Collect$$rtentry$$0000000D) for __rt_entry_main
    __rtentry.o(.ARM.Collect$$rtentry$$00000000) refers (Special) to __rtentry2.o(.ARM.Collect$$rtentry$$0000000C) for __rt_entry_postli_1
    __rtentry.o(.ARM.Collect$$rtentry$$00000000) refers (Special) to __rtentry2.o(.ARM.Collect$$rtentry$$00000009) for __rt_entry_postsh_1
    __rtentry.o(.ARM.Collect$$rtentry$$00000000) refers (Special) to __rtentry2.o(.ARM.Collect$$rtentry$$00000002) for __rt_entry_presh_1
    __rtentry.o(.ARM.Collect$$rtentry$$00000000) refers (Special) to __rtentry4.o(.ARM.Collect$$rtentry$$00000004) for __rt_entry_sh
    _printf_char_common.o(.text) refers to __printf.o(.text) for __printf
    __rtentry2.o(.ARM.Collect$$rtentry$$00000008) refers to boardinit2.o(.text) for _platform_post_stackheap_init
    __rtentry2.o(.ARM.Collect$$rtentry$$0000000A) refers to libinit.o(.ARM.Collect$$libinit$$00000000) for __rt_lib_init
    __rtentry2.o(.ARM.Collect$$rtentry$$0000000B) refers to boardinit3.o(.text) for _platform_post_lib_init
    __rtentry2.o(.ARM.Collect$$rtentry$$0000000D) refers to main.o(i.main) for main
    __rtentry2.o(.ARM.Collect$$rtentry$$0000000D) refers to exit.o(.text) for exit
    __rtentry2.o(.ARM.exidx) refers to __rtentry2.o(.ARM.Collect$$rtentry$$00000001) for .ARM.Collect$$rtentry$$00000001
    __rtentry2.o(.ARM.exidx) refers to __rtentry2.o(.ARM.Collect$$rtentry$$00000008) for .ARM.Collect$$rtentry$$00000008
    __rtentry2.o(.ARM.exidx) refers to __rtentry2.o(.ARM.Collect$$rtentry$$0000000A) for .ARM.Collect$$rtentry$$0000000A
    __rtentry2.o(.ARM.exidx) refers to __rtentry2.o(.ARM.Collect$$rtentry$$0000000B) for .ARM.Collect$$rtentry$$0000000B
    __rtentry2.o(.ARM.exidx) refers to __rtentry2.o(.ARM.Collect$$rtentry$$0000000D) for .ARM.Collect$$rtentry$$0000000D
    __rtentry4.o(.ARM.Collect$$rtentry$$00000004) refers to sys_stackheap_outer.o(.text) for __user_setup_stackheap
    __rtentry4.o(.ARM.exidx) refers to __rtentry4.o(.ARM.Collect$$rtentry$$00000004) for .ARM.Collect$$rtentry$$00000004
    sys_stackheap_outer.o(.text) refers to libspace.o(.text) for __user_perproc_libspace
    sys_stackheap_outer.o(.text) refers to startup_stm32l432xx.o(.text) for __user_initial_stackheap
    exit.o(.text) refers to rtexit.o(.ARM.Collect$$rtexit$$00000000) for __rt_exit
    libinit.o(.ARM.Collect$$libinit$$00000000) refers (Special) to libinit2.o(.ARM.Collect$$libinit$$0000002E) for __rt_lib_init_alloca_1
    libinit.o(.ARM.Collect$$libinit$$00000000) refers (Special) to libinit2.o(.ARM.Collect$$libinit$$0000002C) for __rt_lib_init_argv_1
    libinit.o(.ARM.Collect$$libinit$$00000000) refers (Special) to libinit2.o(.ARM.Collect$$libinit$$0000001B) for __rt_lib_init_atexit_1
    libinit.o(.ARM.Collect$$libinit$$00000000) refers (Special) to libinit2.o(.ARM.Collect$$libinit$$00000021) for __rt_lib_init_clock_1
    libinit.o(.ARM.Collect$$libinit$$00000000) refers (Special) to libinit2.o(.ARM.Collect$$libinit$$00000032) for __rt_lib_init_cpp_1
    libinit.o(.ARM.Collect$$libinit$$00000000) refers (Special) to libinit2.o(.ARM.Collect$$libinit$$00000030) for __rt_lib_init_exceptions_1
    libinit.o(.ARM.Collect$$libinit$$00000000) refers (Special) to libinit2.o(.ARM.Collect$$libinit$$00000001) for __rt_lib_init_fp_1
    libinit.o(.ARM.Collect$$libinit$$00000000) refers (Special) to libinit2.o(.ARM.Collect$$libinit$$0000001F) for __rt_lib_init_fp_trap_1
    libinit.o(.ARM.Collect$$libinit$$00000000) refers (Special) to libinit2.o(.ARM.Collect$$libinit$$00000023) for __rt_lib_init_getenv_1
    libinit.o(.ARM.Collect$$libinit$$00000000) refers (Special) to libinit2.o(.ARM.Collect$$libinit$$0000000A) for __rt_lib_init_heap_1
    libinit.o(.ARM.Collect$$libinit$$00000000) refers (Special) to libinit2.o(.ARM.Collect$$libinit$$00000011) for __rt_lib_init_lc_collate_1
    libinit.o(.ARM.Collect$$libinit$$00000000) refers (Special) to libinit2.o(.ARM.Collect$$libinit$$00000013) for __rt_lib_init_lc_ctype_1
    libinit.o(.ARM.Collect$$libinit$$00000000) refers (Special) to libinit2.o(.ARM.Collect$$libinit$$00000015) for __rt_lib_init_lc_monetary_1
    libinit.o(.ARM.Collect$$libinit$$00000000) refers (Special) to libinit2.o(.ARM.Collect$$libinit$$00000017) for __rt_lib_init_lc_numeric_1
    libinit.o(.ARM.Collect$$libinit$$00000000) refers (Special) to libinit2.o(.ARM.Collect$$libinit$$00000019) for __rt_lib_init_lc_time_1
    libinit.o(.ARM.Collect$$libinit$$00000000) refers (Special) to libinit2.o(.ARM.Collect$$libinit$$00000004) for __rt_lib_init_preinit_1
    libinit.o(.ARM.Collect$$libinit$$00000000) refers (Special) to libinit2.o(.ARM.Collect$$libinit$$0000000E) for __rt_lib_init_rand_1
    libinit.o(.ARM.Collect$$libinit$$00000000) refers (Special) to libinit2.o(.ARM.Collect$$libinit$$00000033) for __rt_lib_init_return
    libinit.o(.ARM.Collect$$libinit$$00000000) refers (Special) to libinit2.o(.ARM.Collect$$libinit$$0000001D) for __rt_lib_init_signal_1
    libinit.o(.ARM.Collect$$libinit$$00000000) refers (Special) to libinit2.o(.ARM.Collect$$libinit$$00000025) for __rt_lib_init_stdio_1
    libinit.o(.ARM.Collect$$libinit$$00000000) refers (Special) to libinit2.o(.ARM.Collect$$libinit$$0000000C) for __rt_lib_init_user_alloc_1
    libspace.o(.text) refers to libspace.o(.bss) for __libspace_start
    rtexit.o(.ARM.Collect$$rtexit$$00000000) refers (Special) to rtexit2.o(.ARM.Collect$$rtexit$$00000004) for __rt_exit_exit
    rtexit.o(.ARM.Collect$$rtexit$$00000000) refers (Special) to rtexit2.o(.ARM.Collect$$rtexit$$00000003) for __rt_exit_ls
    rtexit.o(.ARM.Collect$$rtexit$$00000000) refers (Special) to rtexit2.o(.ARM.Collect$$rtexit$$00000002) for __rt_exit_prels_1
    rtexit.o(.ARM.exidx) refers (Special) to rtexit2.o(.ARM.Collect$$rtexit$$00000004) for __rt_exit_exit
    rtexit.o(.ARM.exidx) refers (Special) to rtexit2.o(.ARM.Collect$$rtexit$$00000003) for __rt_exit_ls
    rtexit.o(.ARM.exidx) refers (Special) to rtexit2.o(.ARM.Collect$$rtexit$$00000002) for __rt_exit_prels_1
    rtexit.o(.ARM.exidx) refers to rtexit.o(.ARM.Collect$$rtexit$$00000000) for .ARM.Collect$$rtexit$$00000000
    libinit2.o(.ARM.Collect$$libinit$$00000001) refers to fpinit.o(x$fpl$fpinit) for _fp_init
    libinit2.o(.ARM.Collect$$libinit$$00000010) refers to libinit2.o(.ARM.Collect$$libinit$$0000000F) for .ARM.Collect$$libinit$$0000000F
    libinit2.o(.ARM.Collect$$libinit$$00000012) refers to libinit2.o(.ARM.Collect$$libinit$$0000000F) for .ARM.Collect$$libinit$$0000000F
    libinit2.o(.ARM.Collect$$libinit$$00000014) refers to libinit2.o(.ARM.Collect$$libinit$$0000000F) for .ARM.Collect$$libinit$$0000000F
    libinit2.o(.ARM.Collect$$libinit$$00000016) refers to libinit2.o(.ARM.Collect$$libinit$$0000000F) for .ARM.Collect$$libinit$$0000000F
    libinit2.o(.ARM.Collect$$libinit$$00000018) refers to libinit2.o(.ARM.Collect$$libinit$$0000000F) for .ARM.Collect$$libinit$$0000000F
    libinit2.o(.ARM.Collect$$libinit$$00000026) refers to argv_veneer.o(.emb_text) for __ARM_argv_veneer
    libinit2.o(.ARM.Collect$$libinit$$00000027) refers to argv_veneer.o(.emb_text) for __ARM_argv_veneer
    rtexit2.o(.ARM.Collect$$rtexit$$00000003) refers to libshutdown.o(.ARM.Collect$$libshutdown$$00000000) for __rt_lib_shutdown
    rtexit2.o(.ARM.Collect$$rtexit$$00000004) refers to sys_exit.o(.text) for _sys_exit
    rtexit2.o(.ARM.exidx) refers to rtexit2.o(.ARM.Collect$$rtexit$$00000001) for .ARM.Collect$$rtexit$$00000001
    rtexit2.o(.ARM.exidx) refers to rtexit2.o(.ARM.Collect$$rtexit$$00000003) for .ARM.Collect$$rtexit$$00000003
    rtexit2.o(.ARM.exidx) refers to rtexit2.o(.ARM.Collect$$rtexit$$00000004) for .ARM.Collect$$rtexit$$00000004
    argv_veneer.o(.emb_text) refers to no_argv.o(.text) for __ARM_get_argv
    sys_exit.o(.text) refers (Special) to use_no_semi.o(.text) for __I$use$semihosting
    sys_exit.o(.text) refers (Special) to indicate_semi.o(.text) for __semihosting_library_function
    _get_argv_nomalloc.o(.text) refers (Special) to hrguard.o(.text) for __heap_region$guard
    _get_argv_nomalloc.o(.text) refers to defsig_rtmem_outer.o(.text) for __rt_SIGRTMEM
    _get_argv_nomalloc.o(.text) refers to sys_command.o(.text) for _sys_command_string
    libshutdown.o(.ARM.Collect$$libshutdown$$00000000) refers (Special) to libshutdown2.o(.ARM.Collect$$libshutdown$$00000002) for __rt_lib_shutdown_cpp_1
    libshutdown.o(.ARM.Collect$$libshutdown$$00000000) refers (Special) to libshutdown2.o(.ARM.Collect$$libshutdown$$00000007) for __rt_lib_shutdown_fp_trap_1
    libshutdown.o(.ARM.Collect$$libshutdown$$00000000) refers (Special) to libshutdown2.o(.ARM.Collect$$libshutdown$$0000000F) for __rt_lib_shutdown_heap_1
    libshutdown.o(.ARM.Collect$$libshutdown$$00000000) refers (Special) to libshutdown2.o(.ARM.Collect$$libshutdown$$00000010) for __rt_lib_shutdown_return
    libshutdown.o(.ARM.Collect$$libshutdown$$00000000) refers (Special) to libshutdown2.o(.ARM.Collect$$libshutdown$$0000000A) for __rt_lib_shutdown_signal_1
    libshutdown.o(.ARM.Collect$$libshutdown$$00000000) refers (Special) to libshutdown2.o(.ARM.Collect$$libshutdown$$00000004) for __rt_lib_shutdown_stdio_1
    libshutdown.o(.ARM.Collect$$libshutdown$$00000000) refers (Special) to libshutdown2.o(.ARM.Collect$$libshutdown$$0000000C) for __rt_lib_shutdown_user_alloc_1
    sys_command.o(.text) refers (Special) to use_no_semi.o(.text) for __I$use$semihosting
    sys_command.o(.text) refers (Special) to indicate_semi.o(.text) for __semihosting_library_function
    defsig_rtmem_outer.o(.text) refers to defsig_rtmem_inner.o(.text) for __rt_SIGRTMEM_inner
    defsig_rtmem_outer.o(.text) refers to defsig_exit.o(.text) for __sig_exit
    defsig_rtmem_formal.o(.text) refers to rt_raise.o(.text) for __rt_raise
    rt_raise.o(.text) refers to __raise.o(.text) for __raise
    rt_raise.o(.text) refers to sys_exit.o(.text) for _sys_exit
    defsig_exit.o(.text) refers to sys_exit.o(.text) for _sys_exit
    defsig_rtmem_inner.o(.text) refers to defsig_general.o(.text) for __default_signal_display
    __raise.o(.text) refers to defsig.o(CL$$defsig) for __default_signal_handler
    defsig_general.o(.text) refers to sys_wrch.o(.text) for _ttywrch
    sys_wrch.o(.text) refers (Special) to use_no_semi.o(.text) for __I$use$semihosting
    sys_wrch.o(.text) refers (Special) to indicate_semi.o(.text) for __semihosting_library_function
    defsig.o(CL$$defsig) refers to defsig_rtmem_inner.o(.text) for __rt_SIGRTMEM_inner
    defsig_abrt_inner.o(.text) refers to defsig_general.o(.text) for __default_signal_display
    defsig_fpe_inner.o(.text) refers to defsig_general.o(.text) for __default_signal_display
    defsig_rtred_inner.o(.text) refers to defsig_general.o(.text) for __default_signal_display
    defsig_stak_inner.o(.text) refers to defsig_general.o(.text) for __default_signal_display
    defsig_pvfn_inner.o(.text) refers to defsig_general.o(.text) for __default_signal_display
    defsig_cppl_inner.o(.text) refers to defsig_general.o(.text) for __default_signal_display
    defsig_segv_inner.o(.text) refers to defsig_general.o(.text) for __default_signal_display
    defsig_other.o(.text) refers to defsig_general.o(.text) for __default_signal_display


==============================================================================

Removing Unused input sections from the image.

    Removing main.o(i.USART1_Read), (40 bytes).
    Removing system_stm32l4xx.o(.rev16_text), (4 bytes).
    Removing system_stm32l4xx.o(.revsh_text), (4 bytes).
    Removing system_stm32l4xx.o(.rrx_text), (6 bytes).
    Removing system_stm32l4xx.o(i.SystemCoreClockUpdate), (236 bytes).
    Removing system_stm32l4xx.o(.constdata), (72 bytes).
    Removing system_stm32l4xx.o(.data), (4 bytes).

7 unused section(s) (total 366 bytes) removed from the image.

==============================================================================

Image Symbol Table

    Local Symbols

    Symbol Name                              Value     Ov Type        Size  Object(Section)

    ../clib/angel/boardlib.s                 0x00000000   Number         0  boardshut.o ABSOLUTE
    ../clib/angel/boardlib.s                 0x00000000   Number         0  boardinit3.o ABSOLUTE
    ../clib/angel/boardlib.s                 0x00000000   Number         0  boardinit2.o ABSOLUTE
    ../clib/angel/boardlib.s                 0x00000000   Number         0  boardinit1.o ABSOLUTE
    ../clib/angel/handlers.s                 0x00000000   Number         0  __scatter_zi.o ABSOLUTE
    ../clib/angel/kernel.s                   0x00000000   Number         0  rtexit2.o ABSOLUTE
    ../clib/angel/kernel.s                   0x00000000   Number         0  __rtentry.o ABSOLUTE
    ../clib/angel/kernel.s                   0x00000000   Number         0  __rtentry2.o ABSOLUTE
    ../clib/angel/kernel.s                   0x00000000   Number         0  __rtentry4.o ABSOLUTE
    ../clib/angel/kernel.s                   0x00000000   Number         0  rtexit.o ABSOLUTE
    ../clib/angel/rt.s                       0x00000000   Number         0  rt_raise.o ABSOLUTE
    ../clib/angel/scatter.s                  0x00000000   Number         0  __scatter.o ABSOLUTE
    ../clib/angel/startup.s                  0x00000000   Number         0  __main.o ABSOLUTE
    ../clib/angel/sys.s                      0x00000000   Number         0  indicate_semi.o ABSOLUTE
    ../clib/angel/sys.s                      0x00000000   Number         0  use_no_semi.o ABSOLUTE
    ../clib/angel/sys.s                      0x00000000   Number         0  sys_stackheap_outer.o ABSOLUTE
    ../clib/angel/sys.s                      0x00000000   Number         0  libspace.o ABSOLUTE
    ../clib/angel/sysapp.c                   0x00000000   Number         0  sys_wrch.o ABSOLUTE
    ../clib/angel/sysapp.c                   0x00000000   Number         0  sys_command.o ABSOLUTE
    ../clib/angel/sysapp.c                   0x00000000   Number         0  sys_exit.o ABSOLUTE
    ../clib/armsys.c                         0x00000000   Number         0  argv_veneer.o ABSOLUTE
    ../clib/armsys.c                         0x00000000   Number         0  argv_veneer.o ABSOLUTE
    ../clib/armsys.c                         0x00000000   Number         0  no_argv.o ABSOLUTE
    ../clib/armsys.c                         0x00000000   Number         0  _get_argv_nomalloc.o ABSOLUTE
    ../clib/heapalloc.c                      0x00000000   Number         0  hrguard.o ABSOLUTE
    ../clib/heapaux.c                        0x00000000   Number         0  heapauxi.o ABSOLUTE
    ../clib/libinit.s                        0x00000000   Number         0  libshutdown2.o ABSOLUTE
    ../clib/libinit.s                        0x00000000   Number         0  libinit2.o ABSOLUTE
    ../clib/libinit.s                        0x00000000   Number         0  libshutdown.o ABSOLUTE
    ../clib/libinit.s                        0x00000000   Number         0  libinit.o ABSOLUTE
    ../clib/printf.c                         0x00000000   Number         0  _printf_dec.o ABSOLUTE
    ../clib/printf.c                         0x00000000   Number         0  __printf_ss_wp.o ABSOLUTE
    ../clib/printf.c                         0x00000000   Number         0  __printf_wp.o ABSOLUTE
    ../clib/printf.c                         0x00000000   Number         0  _printf_char_common.o ABSOLUTE
    ../clib/printf.c                         0x00000000   Number         0  __printf_flags_ss.o ABSOLUTE
    ../clib/printf.c                         0x00000000   Number         0  __printf_flags_wp.o ABSOLUTE
    ../clib/printf.c                         0x00000000   Number         0  _sputc.o ABSOLUTE
    ../clib/printf.c                         0x00000000   Number         0  _printf_intcommon.o ABSOLUTE
    ../clib/printf.c                         0x00000000   Number         0  __printf_ss.o ABSOLUTE
    ../clib/printf.c                         0x00000000   Number         0  __printf_flags.o ABSOLUTE
    ../clib/printf.c                         0x00000000   Number         0  noretval__2sprintf.o ABSOLUTE
    ../clib/printf.c                         0x00000000   Number         0  __printf_flags_ss_wp.o ABSOLUTE
    ../clib/printf.c                         0x00000000   Number         0  __2sprintf.o ABSOLUTE
    ../clib/printf.c                         0x00000000   Number         0  __printf.o ABSOLUTE
    ../clib/printf.c                         0x00000000   Number         0  __printf_nopercent.o ABSOLUTE
    ../clib/printf_percent.s                 0x00000000   Number         0  _printf_percent.o ABSOLUTE
    ../clib/printf_percent.s                 0x00000000   Number         0  _printf_percent_end.o ABSOLUTE
    ../clib/printf_percent.s                 0x00000000   Number         0  _printf_d.o ABSOLUTE
    ../clib/signal.c                         0x00000000   Number         0  defsig_rtred_inner.o ABSOLUTE
    ../clib/signal.c                         0x00000000   Number         0  defsig_fpe_inner.o ABSOLUTE
    ../clib/signal.c                         0x00000000   Number         0  defsig_abrt_inner.o ABSOLUTE
    ../clib/signal.c                         0x00000000   Number         0  defsig_segv_inner.o ABSOLUTE
    ../clib/signal.c                         0x00000000   Number         0  defsig_general.o ABSOLUTE
    ../clib/signal.c                         0x00000000   Number         0  __raise.o ABSOLUTE
    ../clib/signal.c                         0x00000000   Number         0  defsig_rtmem_inner.o ABSOLUTE
    ../clib/signal.c                         0x00000000   Number         0  defsig_exit.o ABSOLUTE
    ../clib/signal.c                         0x00000000   Number         0  defsig_rtmem_formal.o ABSOLUTE
    ../clib/signal.c                         0x00000000   Number         0  defsig_rtmem_outer.o ABSOLUTE
    ../clib/signal.c                         0x00000000   Number         0  defsig_other.o ABSOLUTE
    ../clib/signal.c                         0x00000000   Number         0  defsig_stak_inner.o ABSOLUTE
    ../clib/signal.c                         0x00000000   Number         0  defsig_pvfn_inner.o ABSOLUTE
    ../clib/signal.c                         0x00000000   Number         0  defsig_cppl_inner.o ABSOLUTE
    ../clib/signal.s                         0x00000000   Number         0  defsig.o ABSOLUTE
    ../clib/stdlib.c                         0x00000000   Number         0  exit.o ABSOLUTE
    ../fplib/fpinit.s                        0x00000000   Number         0  fpinit.o ABSOLUTE
    RTE\Device\STM32L432KCUx\startup_stm32l432xx.s 0x00000000   Number         0  startup_stm32l432xx.o ABSOLUTE
    RTE\Device\STM32L432KCUx\system_stm32l4xx.c 0x00000000   Number         0  system_stm32l4xx.o ABSOLUTE
    RTE\\Device\\STM32L432KCUx\\system_stm32l4xx.c 0x00000000   Number         0  system_stm32l4xx.o ABSOLUTE
    dc.s                                     0x00000000   Number         0  dc.o ABSOLUTE
    main.c                                   0x00000000   Number         0  main.o ABSOLUTE
    RESET                                    0x08000000   Section      396  startup_stm32l432xx.o(RESET)
    !!!main                                  0x0800018c   Section        8  __main.o(!!!main)
    !!!scatter                               0x08000194   Section       52  __scatter.o(!!!scatter)
    !!handler_zi                             0x080001c8   Section       28  __scatter_zi.o(!!handler_zi)
    .ARM.Collect$$_printf_percent$$00000000  0x080001e4   Section        0  _printf_percent.o(.ARM.Collect$$_printf_percent$$00000000)
    .ARM.Collect$$_printf_percent$$00000009  0x080001e4   Section        6  _printf_d.o(.ARM.Collect$$_printf_percent$$00000009)
    .ARM.Collect$$_printf_percent$$00000017  0x080001ea   Section        4  _printf_percent_end.o(.ARM.Collect$$_printf_percent$$00000017)
    .ARM.Collect$$libinit$$00000000          0x080001ee   Section        2  libinit.o(.ARM.Collect$$libinit$$00000000)
    .ARM.Collect$$libinit$$00000001          0x080001f0   Section        4  libinit2.o(.ARM.Collect$$libinit$$00000001)
    .ARM.Collect$$libinit$$00000004          0x080001f4   Section        0  libinit2.o(.ARM.Collect$$libinit$$00000004)
    .ARM.Collect$$libinit$$0000000A          0x080001f4   Section        0  libinit2.o(.ARM.Collect$$libinit$$0000000A)
    .ARM.Collect$$libinit$$0000000C          0x080001f4   Section        0  libinit2.o(.ARM.Collect$$libinit$$0000000C)
    .ARM.Collect$$libinit$$0000000E          0x080001f4   Section        0  libinit2.o(.ARM.Collect$$libinit$$0000000E)
    .ARM.Collect$$libinit$$00000011          0x080001f4   Section        0  libinit2.o(.ARM.Collect$$libinit$$00000011)
    .ARM.Collect$$libinit$$00000013          0x080001f4   Section        0  libinit2.o(.ARM.Collect$$libinit$$00000013)
    .ARM.Collect$$libinit$$00000015          0x080001f4   Section        0  libinit2.o(.ARM.Collect$$libinit$$00000015)
    .ARM.Collect$$libinit$$00000017          0x080001f4   Section        0  libinit2.o(.ARM.Collect$$libinit$$00000017)
    .ARM.Collect$$libinit$$00000019          0x080001f4   Section        0  libinit2.o(.ARM.Collect$$libinit$$00000019)
    .ARM.Collect$$libinit$$0000001B          0x080001f4   Section        0  libinit2.o(.ARM.Collect$$libinit$$0000001B)
    .ARM.Collect$$libinit$$0000001D          0x080001f4   Section        0  libinit2.o(.ARM.Collect$$libinit$$0000001D)
    .ARM.Collect$$libinit$$0000001F          0x080001f4   Section        0  libinit2.o(.ARM.Collect$$libinit$$0000001F)
    .ARM.Collect$$libinit$$00000021          0x080001f4   Section        0  libinit2.o(.ARM.Collect$$libinit$$00000021)
    .ARM.Collect$$libinit$$00000023          0x080001f4   Section        0  libinit2.o(.ARM.Collect$$libinit$$00000023)
    .ARM.Collect$$libinit$$00000025          0x080001f4   Section        0  libinit2.o(.ARM.Collect$$libinit$$00000025)
    .ARM.Collect$$libinit$$0000002C          0x080001f4   Section        0  libinit2.o(.ARM.Collect$$libinit$$0000002C)
    .ARM.Collect$$libinit$$0000002E          0x080001f4   Section        0  libinit2.o(.ARM.Collect$$libinit$$0000002E)
    .ARM.Collect$$libinit$$00000030          0x080001f4   Section        0  libinit2.o(.ARM.Collect$$libinit$$00000030)
    .ARM.Collect$$libinit$$00000032          0x080001f4   Section        0  libinit2.o(.ARM.Collect$$libinit$$00000032)
    .ARM.Collect$$libinit$$00000033          0x080001f4   Section        2  libinit2.o(.ARM.Collect$$libinit$$00000033)
    .ARM.Collect$$libshutdown$$00000000      0x080001f6   Section        2  libshutdown.o(.ARM.Collect$$libshutdown$$00000000)
    .ARM.Collect$$libshutdown$$00000002      0x080001f8   Section        0  libshutdown2.o(.ARM.Collect$$libshutdown$$00000002)
    .ARM.Collect$$libshutdown$$00000004      0x080001f8   Section        0  libshutdown2.o(.ARM.Collect$$libshutdown$$00000004)
    .ARM.Collect$$libshutdown$$00000007      0x080001f8   Section        0  libshutdown2.o(.ARM.Collect$$libshutdown$$00000007)
    .ARM.Collect$$libshutdown$$0000000A      0x080001f8   Section        0  libshutdown2.o(.ARM.Collect$$libshutdown$$0000000A)
    .ARM.Collect$$libshutdown$$0000000C      0x080001f8   Section        0  libshutdown2.o(.ARM.Collect$$libshutdown$$0000000C)
    .ARM.Collect$$libshutdown$$0000000F      0x080001f8   Section        0  libshutdown2.o(.ARM.Collect$$libshutdown$$0000000F)
    .ARM.Collect$$libshutdown$$00000010      0x080001f8   Section        2  libshutdown2.o(.ARM.Collect$$libshutdown$$00000010)
    .ARM.Collect$$rtentry$$00000000          0x080001fa   Section        0  __rtentry.o(.ARM.Collect$$rtentry$$00000000)
    .ARM.Collect$$rtentry$$00000002          0x080001fa   Section        0  __rtentry2.o(.ARM.Collect$$rtentry$$00000002)
    .ARM.Collect$$rtentry$$00000004          0x080001fa   Section        6  __rtentry4.o(.ARM.Collect$$rtentry$$00000004)
    .ARM.Collect$$rtentry$$00000009          0x08000200   Section        0  __rtentry2.o(.ARM.Collect$$rtentry$$00000009)
    .ARM.Collect$$rtentry$$0000000A          0x08000200   Section        4  __rtentry2.o(.ARM.Collect$$rtentry$$0000000A)
    .ARM.Collect$$rtentry$$0000000C          0x08000204   Section        0  __rtentry2.o(.ARM.Collect$$rtentry$$0000000C)
    .ARM.Collect$$rtentry$$0000000D          0x08000204   Section        8  __rtentry2.o(.ARM.Collect$$rtentry$$0000000D)
    .ARM.Collect$$rtexit$$00000000           0x0800020c   Section        2  rtexit.o(.ARM.Collect$$rtexit$$00000000)
    .ARM.Collect$$rtexit$$00000002           0x0800020e   Section        0  rtexit2.o(.ARM.Collect$$rtexit$$00000002)
    .ARM.Collect$$rtexit$$00000003           0x0800020e   Section        4  rtexit2.o(.ARM.Collect$$rtexit$$00000003)
    .ARM.Collect$$rtexit$$00000004           0x08000212   Section        6  rtexit2.o(.ARM.Collect$$rtexit$$00000004)
    .text                                    0x08000218   Section       64  startup_stm32l432xx.o(.text)
    $v0                                      0x08000218   Number         0  startup_stm32l432xx.o(.text)
    .text                                    0x08000258   Section        0  noretval__2sprintf.o(.text)
    .text                                    0x08000280   Section        0  __printf.o(.text)
    .text                                    0x080002e8   Section        0  _printf_dec.o(.text)
    .text                                    0x08000360   Section        0  heapauxi.o(.text)
    .text                                    0x08000366   Section        0  _printf_intcommon.o(.text)
    .text                                    0x08000418   Section        0  _printf_char_common.o(.text)
    _printf_input_char                       0x08000419   Thumb Code    10  _printf_char_common.o(.text)
    .text                                    0x08000448   Section        0  _sputc.o(.text)
    .text                                    0x08000452   Section       74  sys_stackheap_outer.o(.text)
    .text                                    0x0800049c   Section        0  exit.o(.text)
    .text                                    0x080004b0   Section        8  libspace.o(.text)
    .text                                    0x080004b8   Section        0  sys_exit.o(.text)
    .text                                    0x080004c4   Section        2  use_no_semi.o(.text)
    .text                                    0x080004c6   Section        0  indicate_semi.o(.text)
    i.ADC_Init                               0x080004c8   Section        0  main.o(i.ADC_Init)
    i.ASCII                                  0x08000588   Section        0  main.o(i.ASCII)
    i.GPIO_Init                              0x080005c8   Section        0  main.o(i.GPIO_Init)
    i.I2C1_Initialize                        0x080006ec   Section        0  main.o(i.I2C1_Initialize)
    i.I2C1_ReceiveData                       0x08000728   Section        0  main.o(i.I2C1_ReceiveData)
    i.I2C1_SendData                          0x08000784   Section        0  main.o(i.I2C1_SendData)
    i.I2C1_Start                             0x080007fc   Section        0  main.o(i.I2C1_Start)
    i.I2C1_Stop                              0x08000830   Section        0  main.o(i.I2C1_Stop)
    i.I2C1_WaitLineIdle                      0x08000864   Section        0  main.o(i.I2C1_WaitLineIdle)
    i.SystemInit                             0x0800087c   Section        0  system_stm32l4xx.o(i.SystemInit)
    i.Timer1Init                             0x080008cc   Section        0  main.o(i.Timer1Init)
    i.Timer2Init                             0x08000938   Section        0  main.o(i.Timer2Init)
    i.USART1_Initialize                      0x08000994   Section        0  main.o(i.USART1_Initialize)
    i.USART1_Write                           0x08000a1c   Section        0  main.o(i.USART1_Write)
    i.VEM6070_Init                           0x08000a84   Section        0  main.o(i.VEM6070_Init)
    i.main                                   0x08000a8c   Section        0  main.o(i.main)
    i.turnSDOff                              0x08000bf8   Section        0  main.o(i.turnSDOff)
    i.turnSDOn                               0x08000c1e   Section        0  main.o(i.turnSDOn)
    i.turnSensorOff                          0x08000c30   Section        0  main.o(i.turnSensorOff)
    i.turnSensorOn                           0x08000c56   Section        0  main.o(i.turnSensorOn)
    x$fpl$fpinit                             0x08000c68   Section       10  fpinit.o(x$fpl$fpinit)
    $v0                                      0x08000c68   Number         0  fpinit.o(x$fpl$fpinit)
    .bss                                     0x20000000   Section       96  libspace.o(.bss)
    HEAP                                     0x20000060   Section      512  startup_stm32l432xx.o(HEAP)
    Heap_Mem                                 0x20000060   Data         512  startup_stm32l432xx.o(HEAP)
    STACK                                    0x20000260   Section     1024  startup_stm32l432xx.o(STACK)
    Stack_Mem                                0x20000260   Data        1024  startup_stm32l432xx.o(STACK)
    __initial_sp                             0x20000660   Data           0  startup_stm32l432xx.o(STACK)

    Global Symbols

    Symbol Name                              Value     Ov Type        Size  Object(Section)

    BuildAttributes$$THM_ISAv4$E$P$D$K$B$S$7EM$VFPi3$EXTD16$VFPS$VFMA$PE$A:L22UL41UL21$X:L11$S22US41US21$IEEE1$IW$USESV6$~STKCKD$USESV7$~SHL$OSPACE$ROPI$EBA8$UX$STANDARDLIB$REQ8$PRES8$EABIv2 0x00000000   Number         0  anon$$obj.o ABSOLUTE
    __ARM_use_no_argv                        0x00000000   Number         0  main.o ABSOLUTE
    __ARM_exceptions_init                     - Undefined Weak Reference
    __alloca_initialize                       - Undefined Weak Reference
    __arm_preinit_                            - Undefined Weak Reference
    __cpp_initialize__aeabi_                  - Undefined Weak Reference
    __cxa_finalize                            - Undefined Weak Reference
    __rt_locale                               - Undefined Weak Reference
    __sigvec_lookup                           - Undefined Weak Reference
    _atexit_init                              - Undefined Weak Reference
    _call_atexit_fns                          - Undefined Weak Reference
    _clock_init                               - Undefined Weak Reference
    _fp_trap_init                             - Undefined Weak Reference
    _fp_trap_shutdown                         - Undefined Weak Reference
    _get_lc_collate                           - Undefined Weak Reference
    _get_lc_ctype                             - Undefined Weak Reference
    _get_lc_monetary                          - Undefined Weak Reference
    _get_lc_numeric                           - Undefined Weak Reference
    _get_lc_time                              - Undefined Weak Reference
    _getenv_init                              - Undefined Weak Reference
    _handle_redirection                       - Undefined Weak Reference
    _init_alloc                               - Undefined Weak Reference
    _init_user_alloc                          - Undefined Weak Reference
    _initio                                   - Undefined Weak Reference
    _printf_post_padding                      - Undefined Weak Reference
    _printf_pre_padding                       - Undefined Weak Reference
    _printf_truncate_signed                   - Undefined Weak Reference
    _printf_truncate_unsigned                 - Undefined Weak Reference
    _rand_init                                - Undefined Weak Reference
    _signal_finish                            - Undefined Weak Reference
    _signal_init                              - Undefined Weak Reference
    _terminate_alloc                          - Undefined Weak Reference
    _terminate_user_alloc                     - Undefined Weak Reference
    _terminateio                              - Undefined Weak Reference
    __Vectors_Size                           0x0000018c   Number         0  startup_stm32l432xx.o ABSOLUTE
    __Vectors                                0x08000000   Data           4  startup_stm32l432xx.o(RESET)
    __Vectors_End                            0x0800018c   Data           0  startup_stm32l432xx.o(RESET)
    __main                                   0x0800018d   Thumb Code     8  __main.o(!!!main)
    __scatterload                            0x08000195   Thumb Code     0  __scatter.o(!!!scatter)
    __scatterload_rt2                        0x08000195   Thumb Code    44  __scatter.o(!!!scatter)
    __scatterload_rt2_thumb_only             0x08000195   Thumb Code     0  __scatter.o(!!!scatter)
    __scatterload_null                       0x080001a3   Thumb Code     0  __scatter.o(!!!scatter)
    __scatterload_zeroinit                   0x080001c9   Thumb Code    28  __scatter_zi.o(!!handler_zi)
    _printf_d                                0x080001e5   Thumb Code     0  _printf_d.o(.ARM.Collect$$_printf_percent$$00000009)
    _printf_percent                          0x080001e5   Thumb Code     0  _printf_percent.o(.ARM.Collect$$_printf_percent$$00000000)
    _printf_percent_end                      0x080001eb   Thumb Code     0  _printf_percent_end.o(.ARM.Collect$$_printf_percent$$00000017)
    __rt_lib_init                            0x080001ef   Thumb Code     0  libinit.o(.ARM.Collect$$libinit$$00000000)
    __rt_lib_init_fp_1                       0x080001f1   Thumb Code     0  libinit2.o(.ARM.Collect$$libinit$$00000001)
    __rt_lib_init_alloca_1                   0x080001f5   Thumb Code     0  libinit2.o(.ARM.Collect$$libinit$$0000002E)
    __rt_lib_init_argv_1                     0x080001f5   Thumb Code     0  libinit2.o(.ARM.Collect$$libinit$$0000002C)
    __rt_lib_init_atexit_1                   0x080001f5   Thumb Code     0  libinit2.o(.ARM.Collect$$libinit$$0000001B)
    __rt_lib_init_clock_1                    0x080001f5   Thumb Code     0  libinit2.o(.ARM.Collect$$libinit$$00000021)
    __rt_lib_init_cpp_1                      0x080001f5   Thumb Code     0  libinit2.o(.ARM.Collect$$libinit$$00000032)
    __rt_lib_init_exceptions_1               0x080001f5   Thumb Code     0  libinit2.o(.ARM.Collect$$libinit$$00000030)
    __rt_lib_init_fp_trap_1                  0x080001f5   Thumb Code     0  libinit2.o(.ARM.Collect$$libinit$$0000001F)
    __rt_lib_init_getenv_1                   0x080001f5   Thumb Code     0  libinit2.o(.ARM.Collect$$libinit$$00000023)
    __rt_lib_init_heap_1                     0x080001f5   Thumb Code     0  libinit2.o(.ARM.Collect$$libinit$$0000000A)
    __rt_lib_init_lc_collate_1               0x080001f5   Thumb Code     0  libinit2.o(.ARM.Collect$$libinit$$00000011)
    __rt_lib_init_lc_ctype_1                 0x080001f5   Thumb Code     0  libinit2.o(.ARM.Collect$$libinit$$00000013)
    __rt_lib_init_lc_monetary_1              0x080001f5   Thumb Code     0  libinit2.o(.ARM.Collect$$libinit$$00000015)
    __rt_lib_init_lc_numeric_1               0x080001f5   Thumb Code     0  libinit2.o(.ARM.Collect$$libinit$$00000017)
    __rt_lib_init_lc_time_1                  0x080001f5   Thumb Code     0  libinit2.o(.ARM.Collect$$libinit$$00000019)
    __rt_lib_init_preinit_1                  0x080001f5   Thumb Code     0  libinit2.o(.ARM.Collect$$libinit$$00000004)
    __rt_lib_init_rand_1                     0x080001f5   Thumb Code     0  libinit2.o(.ARM.Collect$$libinit$$0000000E)
    __rt_lib_init_return                     0x080001f5   Thumb Code     0  libinit2.o(.ARM.Collect$$libinit$$00000033)
    __rt_lib_init_signal_1                   0x080001f5   Thumb Code     0  libinit2.o(.ARM.Collect$$libinit$$0000001D)
    __rt_lib_init_stdio_1                    0x080001f5   Thumb Code     0  libinit2.o(.ARM.Collect$$libinit$$00000025)
    __rt_lib_init_user_alloc_1               0x080001f5   Thumb Code     0  libinit2.o(.ARM.Collect$$libinit$$0000000C)
    __rt_lib_shutdown                        0x080001f7   Thumb Code     0  libshutdown.o(.ARM.Collect$$libshutdown$$00000000)
    __rt_lib_shutdown_cpp_1                  0x080001f9   Thumb Code     0  libshutdown2.o(.ARM.Collect$$libshutdown$$00000002)
    __rt_lib_shutdown_fp_trap_1              0x080001f9   Thumb Code     0  libshutdown2.o(.ARM.Collect$$libshutdown$$00000007)
    __rt_lib_shutdown_heap_1                 0x080001f9   Thumb Code     0  libshutdown2.o(.ARM.Collect$$libshutdown$$0000000F)
    __rt_lib_shutdown_return                 0x080001f9   Thumb Code     0  libshutdown2.o(.ARM.Collect$$libshutdown$$00000010)
    __rt_lib_shutdown_signal_1               0x080001f9   Thumb Code     0  libshutdown2.o(.ARM.Collect$$libshutdown$$0000000A)
    __rt_lib_shutdown_stdio_1                0x080001f9   Thumb Code     0  libshutdown2.o(.ARM.Collect$$libshutdown$$00000004)
    __rt_lib_shutdown_user_alloc_1           0x080001f9   Thumb Code     0  libshutdown2.o(.ARM.Collect$$libshutdown$$0000000C)
    __rt_entry                               0x080001fb   Thumb Code     0  __rtentry.o(.ARM.Collect$$rtentry$$00000000)
    __rt_entry_presh_1                       0x080001fb   Thumb Code     0  __rtentry2.o(.ARM.Collect$$rtentry$$00000002)
    __rt_entry_sh                            0x080001fb   Thumb Code     0  __rtentry4.o(.ARM.Collect$$rtentry$$00000004)
    __rt_entry_li                            0x08000201   Thumb Code     0  __rtentry2.o(.ARM.Collect$$rtentry$$0000000A)
    __rt_entry_postsh_1                      0x08000201   Thumb Code     0  __rtentry2.o(.ARM.Collect$$rtentry$$00000009)
    __rt_entry_main                          0x08000205   Thumb Code     0  __rtentry2.o(.ARM.Collect$$rtentry$$0000000D)
    __rt_entry_postli_1                      0x08000205   Thumb Code     0  __rtentry2.o(.ARM.Collect$$rtentry$$0000000C)
    __rt_exit                                0x0800020d   Thumb Code     0  rtexit.o(.ARM.Collect$$rtexit$$00000000)
    __rt_exit_ls                             0x0800020f   Thumb Code     0  rtexit2.o(.ARM.Collect$$rtexit$$00000003)
    __rt_exit_prels_1                        0x0800020f   Thumb Code     0  rtexit2.o(.ARM.Collect$$rtexit$$00000002)
    __rt_exit_exit                           0x08000213   Thumb Code     0  rtexit2.o(.ARM.Collect$$rtexit$$00000004)
    Reset_Handler                            0x08000219   Thumb Code     8  startup_stm32l432xx.o(.text)
    NMI_Handler                              0x08000221   Thumb Code     2  startup_stm32l432xx.o(.text)
    HardFault_Handler                        0x08000223   Thumb Code     2  startup_stm32l432xx.o(.text)
    MemManage_Handler                        0x08000225   Thumb Code     2  startup_stm32l432xx.o(.text)
    BusFault_Handler                         0x08000227   Thumb Code     2  startup_stm32l432xx.o(.text)
    UsageFault_Handler                       0x08000229   Thumb Code     2  startup_stm32l432xx.o(.text)
    SVC_Handler                              0x0800022b   Thumb Code     2  startup_stm32l432xx.o(.text)
    DebugMon_Handler                         0x0800022d   Thumb Code     2  startup_stm32l432xx.o(.text)
    PendSV_Handler                           0x0800022f   Thumb Code     2  startup_stm32l432xx.o(.text)
    SysTick_Handler                          0x08000231   Thumb Code     2  startup_stm32l432xx.o(.text)
    ADC1_IRQHandler                          0x08000233   Thumb Code     0  startup_stm32l432xx.o(.text)
    CAN1_RX0_IRQHandler                      0x08000233   Thumb Code     0  startup_stm32l432xx.o(.text)
    CAN1_RX1_IRQHandler                      0x08000233   Thumb Code     0  startup_stm32l432xx.o(.text)
    CAN1_SCE_IRQHandler                      0x08000233   Thumb Code     0  startup_stm32l432xx.o(.text)
    CAN1_TX_IRQHandler                       0x08000233   Thumb Code     0  startup_stm32l432xx.o(.text)
    COMP_IRQHandler                          0x08000233   Thumb Code     0  startup_stm32l432xx.o(.text)
    CRS_IRQHandler                           0x08000233   Thumb Code     0  startup_stm32l432xx.o(.text)
    DMA1_Channel1_IRQHandler                 0x08000233   Thumb Code     0  startup_stm32l432xx.o(.text)
    DMA1_Channel2_IRQHandler                 0x08000233   Thumb Code     0  startup_stm32l432xx.o(.text)
    DMA1_Channel3_IRQHandler                 0x08000233   Thumb Code     0  startup_stm32l432xx.o(.text)
    DMA1_Channel4_IRQHandler                 0x08000233   Thumb Code     0  startup_stm32l432xx.o(.text)
    DMA1_Channel5_IRQHandler                 0x08000233   Thumb Code     0  startup_stm32l432xx.o(.text)
    DMA1_Channel6_IRQHandler                 0x08000233   Thumb Code     0  startup_stm32l432xx.o(.text)
    DMA1_Channel7_IRQHandler                 0x08000233   Thumb Code     0  startup_stm32l432xx.o(.text)
    DMA2_Channel1_IRQHandler                 0x08000233   Thumb Code     0  startup_stm32l432xx.o(.text)
    DMA2_Channel2_IRQHandler                 0x08000233   Thumb Code     0  startup_stm32l432xx.o(.text)
    DMA2_Channel3_IRQHandler                 0x08000233   Thumb Code     0  startup_stm32l432xx.o(.text)
    DMA2_Channel4_IRQHandler                 0x08000233   Thumb Code     0  startup_stm32l432xx.o(.text)
    DMA2_Channel5_IRQHandler                 0x08000233   Thumb Code     0  startup_stm32l432xx.o(.text)
    DMA2_Channel6_IRQHandler                 0x08000233   Thumb Code     0  startup_stm32l432xx.o(.text)
    DMA2_Channel7_IRQHandler                 0x08000233   Thumb Code     0  startup_stm32l432xx.o(.text)
    EXTI0_IRQHandler                         0x08000233   Thumb Code     0  startup_stm32l432xx.o(.text)
    EXTI15_10_IRQHandler                     0x08000233   Thumb Code     0  startup_stm32l432xx.o(.text)
    EXTI1_IRQHandler                         0x08000233   Thumb Code     0  startup_stm32l432xx.o(.text)
    EXTI2_IRQHandler                         0x08000233   Thumb Code     0  startup_stm32l432xx.o(.text)
    EXTI3_IRQHandler                         0x08000233   Thumb Code     0  startup_stm32l432xx.o(.text)
    EXTI4_IRQHandler                         0x08000233   Thumb Code     0  startup_stm32l432xx.o(.text)
    EXTI9_5_IRQHandler                       0x08000233   Thumb Code     0  startup_stm32l432xx.o(.text)
    FLASH_IRQHandler                         0x08000233   Thumb Code     0  startup_stm32l432xx.o(.text)
    FPU_IRQHandler                           0x08000233   Thumb Code     0  startup_stm32l432xx.o(.text)
    I2C1_ER_IRQHandler                       0x08000233   Thumb Code     0  startup_stm32l432xx.o(.text)
    I2C1_EV_IRQHandler                       0x08000233   Thumb Code     0  startup_stm32l432xx.o(.text)
    I2C3_ER_IRQHandler                       0x08000233   Thumb Code     0  startup_stm32l432xx.o(.text)
    I2C3_EV_IRQHandler                       0x08000233   Thumb Code     0  startup_stm32l432xx.o(.text)
    LPTIM1_IRQHandler                        0x08000233   Thumb Code     0  startup_stm32l432xx.o(.text)
    LPTIM2_IRQHandler                        0x08000233   Thumb Code     0  startup_stm32l432xx.o(.text)
    LPUART1_IRQHandler                       0x08000233   Thumb Code     0  startup_stm32l432xx.o(.text)
    PVD_PVM_IRQHandler                       0x08000233   Thumb Code     0  startup_stm32l432xx.o(.text)
    QUADSPI_IRQHandler                       0x08000233   Thumb Code     0  startup_stm32l432xx.o(.text)
    RCC_IRQHandler                           0x08000233   Thumb Code     0  startup_stm32l432xx.o(.text)
    RNG_IRQHandler                           0x08000233   Thumb Code     0  startup_stm32l432xx.o(.text)
    RTC_Alarm_IRQHandler                     0x08000233   Thumb Code     0  startup_stm32l432xx.o(.text)
    RTC_WKUP_IRQHandler                      0x08000233   Thumb Code     0  startup_stm32l432xx.o(.text)
    SAI1_IRQHandler                          0x08000233   Thumb Code     0  startup_stm32l432xx.o(.text)
    SPI1_IRQHandler                          0x08000233   Thumb Code     0  startup_stm32l432xx.o(.text)
    SPI3_IRQHandler                          0x08000233   Thumb Code     0  startup_stm32l432xx.o(.text)
    SWPMI1_IRQHandler                        0x08000233   Thumb Code     0  startup_stm32l432xx.o(.text)
    TAMP_STAMP_IRQHandler                    0x08000233   Thumb Code     0  startup_stm32l432xx.o(.text)
    TIM1_BRK_TIM15_IRQHandler                0x08000233   Thumb Code     0  startup_stm32l432xx.o(.text)
    TIM1_CC_IRQHandler                       0x08000233   Thumb Code     0  startup_stm32l432xx.o(.text)
    TIM1_TRG_COM_IRQHandler                  0x08000233   Thumb Code     0  startup_stm32l432xx.o(.text)
    TIM1_UP_TIM16_IRQHandler                 0x08000233   Thumb Code     0  startup_stm32l432xx.o(.text)
    TIM2_IRQHandler                          0x08000233   Thumb Code     0  startup_stm32l432xx.o(.text)
    TIM6_DAC_IRQHandler                      0x08000233   Thumb Code     0  startup_stm32l432xx.o(.text)
    TIM7_IRQHandler                          0x08000233   Thumb Code     0  startup_stm32l432xx.o(.text)
    TSC_IRQHandler                           0x08000233   Thumb Code     0  startup_stm32l432xx.o(.text)
    USART1_IRQHandler                        0x08000233   Thumb Code     0  startup_stm32l432xx.o(.text)
    USART2_IRQHandler                        0x08000233   Thumb Code     0  startup_stm32l432xx.o(.text)
    USB_IRQHandler                           0x08000233   Thumb Code     0  startup_stm32l432xx.o(.text)
    WWDG_IRQHandler                          0x08000233   Thumb Code     0  startup_stm32l432xx.o(.text)
    __user_initial_stackheap                 0x08000235   Thumb Code     0  startup_stm32l432xx.o(.text)
    __2sprintf                               0x08000259   Thumb Code    34  noretval__2sprintf.o(.text)
    __printf                                 0x08000281   Thumb Code   104  __printf.o(.text)
    _printf_int_dec                          0x080002e9   Thumb Code   104  _printf_dec.o(.text)
    __use_two_region_memory                  0x08000361   Thumb Code     2  heapauxi.o(.text)
    __rt_heap_escrow$2region                 0x08000363   Thumb Code     2  heapauxi.o(.text)
    __rt_heap_expand$2region                 0x08000365   Thumb Code     2  heapauxi.o(.text)
    _printf_int_common                       0x08000367   Thumb Code   178  _printf_intcommon.o(.text)
    _printf_char_common                      0x08000423   Thumb Code    32  _printf_char_common.o(.text)
    _sputc                                   0x08000449   Thumb Code    10  _sputc.o(.text)
    __user_setup_stackheap                   0x08000453   Thumb Code    74  sys_stackheap_outer.o(.text)
    exit                                     0x0800049d   Thumb Code    18  exit.o(.text)
    __user_libspace                          0x080004b1   Thumb Code     8  libspace.o(.text)
    __user_perproc_libspace                  0x080004b1   Thumb Code     0  libspace.o(.text)
    __user_perthread_libspace                0x080004b1   Thumb Code     0  libspace.o(.text)
    _sys_exit                                0x080004b9   Thumb Code     8  sys_exit.o(.text)
    __I$use$semihosting                      0x080004c5   Thumb Code     0  use_no_semi.o(.text)
    __use_no_semihosting_swi                 0x080004c5   Thumb Code     2  use_no_semi.o(.text)
    __semihosting_library_function           0x080004c7   Thumb Code     0  indicate_semi.o(.text)
    ADC_Init                                 0x080004c9   Thumb Code   180  main.o(i.ADC_Init)
    ASCII                                    0x08000589   Thumb Code    58  main.o(i.ASCII)
    GPIO_Init                                0x080005c9   Thumb Code   282  main.o(i.GPIO_Init)
    I2C1_Initialize                          0x080006ed   Thumb Code    46  main.o(i.I2C1_Initialize)
    I2C1_ReceiveData                         0x08000729   Thumb Code    88  main.o(i.I2C1_ReceiveData)
    I2C1_SendData                            0x08000785   Thumb Code   114  main.o(i.I2C1_SendData)
    I2C1_Start                               0x080007fd   Thumb Code    44  main.o(i.I2C1_Start)
    I2C1_Stop                                0x08000831   Thumb Code    46  main.o(i.I2C1_Stop)
    I2C1_WaitLineIdle                        0x08000865   Thumb Code    18  main.o(i.I2C1_WaitLineIdle)
    SystemInit                               0x0800087d   Thumb Code    68  system_stm32l4xx.o(i.SystemInit)
    Timer1Init                               0x080008cd   Thumb Code   100  main.o(i.Timer1Init)
    Timer2Init                               0x08000939   Thumb Code    84  main.o(i.Timer2Init)
    USART1_Initialize                        0x08000995   Thumb Code   132  main.o(i.USART1_Initialize)
    USART1_Write                             0x08000a1d   Thumb Code    94  main.o(i.USART1_Write)
    VEM6070_Init                             0x08000a85   Thumb Code     8  main.o(i.VEM6070_Init)
    main                                     0x08000a8d   Thumb Code   354  main.o(i.main)
    turnSDOff                                0x08000bf9   Thumb Code    38  main.o(i.turnSDOff)
    turnSDOn                                 0x08000c1f   Thumb Code    18  main.o(i.turnSDOn)
    turnSensorOff                            0x08000c31   Thumb Code    38  main.o(i.turnSensorOff)
    turnSensorOn                             0x08000c57   Thumb Code    18  main.o(i.turnSensorOn)
    _fp_init                                 0x08000c69   Thumb Code    10  fpinit.o(x$fpl$fpinit)
    __fplib_config_fpu_vfp                   0x08000c71   Thumb Code     0  fpinit.o(x$fpl$fpinit)
    __fplib_config_pureend_doubles           0x08000c71   Thumb Code     0  fpinit.o(x$fpl$fpinit)
    Region$$Table$$Base                      0x08000c74   Number         0  anon$$obj.o(Region$$Table)
    Region$$Table$$Limit                     0x08000c84   Number         0  anon$$obj.o(Region$$Table)
    __libspace_start                         0x20000000   Data          96  libspace.o(.bss)
    __temporary_stack_top$libspace           0x20000060   Data           0  libspace.o(.bss)



==============================================================================

Memory Map of the image

  Image Entry point : 0x08000219

  Load Region LR_1 (Base: 0x08000000, Size: 0x00000c84, Max: 0xffffffff, ABSOLUTE)

    Execution Region ER_RO (Exec base: 0x08000000, Load base: 0x08000000, Size: 0x00000c84, Max: 0xffffffff, ABSOLUTE)

    Exec Addr    Load Addr    Size         Type   Attr      Idx    E Section Name        Object

    0x08000000   0x08000000   0x0000018c   Data   RO          147    RESET               startup_stm32l432xx.o
    0x0800018c   0x0800018c   0x00000008   Code   RO          246  * !!!main             c_w.l(__main.o)
    0x08000194   0x08000194   0x00000034   Code   RO          412    !!!scatter          c_w.l(__scatter.o)
    0x080001c8   0x080001c8   0x0000001c   Code   RO          414    !!handler_zi        c_w.l(__scatter_zi.o)
    0x080001e4   0x080001e4   0x00000000   Code   RO          243    .ARM.Collect$$_printf_percent$$00000000  c_w.l(_printf_percent.o)
    0x080001e4   0x080001e4   0x00000006   Code   RO          242    .ARM.Collect$$_printf_percent$$00000009  c_w.l(_printf_d.o)
    0x080001ea   0x080001ea   0x00000004   Code   RO          255    .ARM.Collect$$_printf_percent$$00000017  c_w.l(_printf_percent_end.o)
    0x080001ee   0x080001ee   0x00000002   Code   RO          282    .ARM.Collect$$libinit$$00000000  c_w.l(libinit.o)
    0x080001f0   0x080001f0   0x00000004   Code   RO          288    .ARM.Collect$$libinit$$00000001  c_w.l(libinit2.o)
    0x080001f4   0x080001f4   0x00000000   Code   RO          291    .ARM.Collect$$libinit$$00000004  c_w.l(libinit2.o)
    0x080001f4   0x080001f4   0x00000000   Code   RO          294    .ARM.Collect$$libinit$$0000000A  c_w.l(libinit2.o)
    0x080001f4   0x080001f4   0x00000000   Code   RO          296    .ARM.Collect$$libinit$$0000000C  c_w.l(libinit2.o)
    0x080001f4   0x080001f4   0x00000000   Code   RO          298    .ARM.Collect$$libinit$$0000000E  c_w.l(libinit2.o)
    0x080001f4   0x080001f4   0x00000000   Code   RO          301    .ARM.Collect$$libinit$$00000011  c_w.l(libinit2.o)
    0x080001f4   0x080001f4   0x00000000   Code   RO          303    .ARM.Collect$$libinit$$00000013  c_w.l(libinit2.o)
    0x080001f4   0x080001f4   0x00000000   Code   RO          305    .ARM.Collect$$libinit$$00000015  c_w.l(libinit2.o)
    0x080001f4   0x080001f4   0x00000000   Code   RO          307    .ARM.Collect$$libinit$$00000017  c_w.l(libinit2.o)
    0x080001f4   0x080001f4   0x00000000   Code   RO          309    .ARM.Collect$$libinit$$00000019  c_w.l(libinit2.o)
    0x080001f4   0x080001f4   0x00000000   Code   RO          311    .ARM.Collect$$libinit$$0000001B  c_w.l(libinit2.o)
    0x080001f4   0x080001f4   0x00000000   Code   RO          313    .ARM.Collect$$libinit$$0000001D  c_w.l(libinit2.o)
    0x080001f4   0x080001f4   0x00000000   Code   RO          315    .ARM.Collect$$libinit$$0000001F  c_w.l(libinit2.o)
    0x080001f4   0x080001f4   0x00000000   Code   RO          317    .ARM.Collect$$libinit$$00000021  c_w.l(libinit2.o)
    0x080001f4   0x080001f4   0x00000000   Code   RO          319    .ARM.Collect$$libinit$$00000023  c_w.l(libinit2.o)
    0x080001f4   0x080001f4   0x00000000   Code   RO          321    .ARM.Collect$$libinit$$00000025  c_w.l(libinit2.o)
    0x080001f4   0x080001f4   0x00000000   Code   RO          325    .ARM.Collect$$libinit$$0000002C  c_w.l(libinit2.o)
    0x080001f4   0x080001f4   0x00000000   Code   RO          327    .ARM.Collect$$libinit$$0000002E  c_w.l(libinit2.o)
    0x080001f4   0x080001f4   0x00000000   Code   RO          329    .ARM.Collect$$libinit$$00000030  c_w.l(libinit2.o)
    0x080001f4   0x080001f4   0x00000000   Code   RO          331    .ARM.Collect$$libinit$$00000032  c_w.l(libinit2.o)
    0x080001f4   0x080001f4   0x00000002   Code   RO          332    .ARM.Collect$$libinit$$00000033  c_w.l(libinit2.o)
    0x080001f6   0x080001f6   0x00000002   Code   RO          352    .ARM.Collect$$libshutdown$$00000000  c_w.l(libshutdown.o)
    0x080001f8   0x080001f8   0x00000000   Code   RO          365    .ARM.Collect$$libshutdown$$00000002  c_w.l(libshutdown2.o)
    0x080001f8   0x080001f8   0x00000000   Code   RO          367    .ARM.Collect$$libshutdown$$00000004  c_w.l(libshutdown2.o)
    0x080001f8   0x080001f8   0x00000000   Code   RO          370    .ARM.Collect$$libshutdown$$00000007  c_w.l(libshutdown2.o)
    0x080001f8   0x080001f8   0x00000000   Code   RO          373    .ARM.Collect$$libshutdown$$0000000A  c_w.l(libshutdown2.o)
    0x080001f8   0x080001f8   0x00000000   Code   RO          375    .ARM.Collect$$libshutdown$$0000000C  c_w.l(libshutdown2.o)
    0x080001f8   0x080001f8   0x00000000   Code   RO          378    .ARM.Collect$$libshutdown$$0000000F  c_w.l(libshutdown2.o)
    0x080001f8   0x080001f8   0x00000002   Code   RO          379    .ARM.Collect$$libshutdown$$00000010  c_w.l(libshutdown2.o)
    0x080001fa   0x080001fa   0x00000000   Code   RO          248    .ARM.Collect$$rtentry$$00000000  c_w.l(__rtentry.o)
    0x080001fa   0x080001fa   0x00000000   Code   RO          257    .ARM.Collect$$rtentry$$00000002  c_w.l(__rtentry2.o)
    0x080001fa   0x080001fa   0x00000006   Code   RO          269    .ARM.Collect$$rtentry$$00000004  c_w.l(__rtentry4.o)
    0x08000200   0x08000200   0x00000000   Code   RO          259    .ARM.Collect$$rtentry$$00000009  c_w.l(__rtentry2.o)
    0x08000200   0x08000200   0x00000004   Code   RO          260    .ARM.Collect$$rtentry$$0000000A  c_w.l(__rtentry2.o)
    0x08000204   0x08000204   0x00000000   Code   RO          262    .ARM.Collect$$rtentry$$0000000C  c_w.l(__rtentry2.o)
    0x08000204   0x08000204   0x00000008   Code   RO          263    .ARM.Collect$$rtentry$$0000000D  c_w.l(__rtentry2.o)
    0x0800020c   0x0800020c   0x00000002   Code   RO          286    .ARM.Collect$$rtexit$$00000000  c_w.l(rtexit.o)
    0x0800020e   0x0800020e   0x00000000   Code   RO          334    .ARM.Collect$$rtexit$$00000002  c_w.l(rtexit2.o)
    0x0800020e   0x0800020e   0x00000004   Code   RO          335    .ARM.Collect$$rtexit$$00000003  c_w.l(rtexit2.o)
    0x08000212   0x08000212   0x00000006   Code   RO          336    .ARM.Collect$$rtexit$$00000004  c_w.l(rtexit2.o)
    0x08000218   0x08000218   0x00000040   Code   RO          148  * .text               startup_stm32l432xx.o
    0x08000258   0x08000258   0x00000028   Code   RO          216    .text               c_w.l(noretval__2sprintf.o)
    0x08000280   0x08000280   0x00000068   Code   RO          218    .text               c_w.l(__printf.o)
    0x080002e8   0x080002e8   0x00000078   Code   RO          220    .text               c_w.l(_printf_dec.o)
    0x08000360   0x08000360   0x00000006   Code   RO          244    .text               c_w.l(heapauxi.o)
    0x08000366   0x08000366   0x000000b2   Code   RO          249    .text               c_w.l(_printf_intcommon.o)
    0x08000418   0x08000418   0x00000030   Code   RO          251    .text               c_w.l(_printf_char_common.o)
    0x08000448   0x08000448   0x0000000a   Code   RO          253    .text               c_w.l(_sputc.o)
    0x08000452   0x08000452   0x0000004a   Code   RO          273    .text               c_w.l(sys_stackheap_outer.o)
    0x0800049c   0x0800049c   0x00000012   Code   RO          275    .text               c_w.l(exit.o)
    0x080004ae   0x080004ae   0x00000002   PAD
    0x080004b0   0x080004b0   0x00000008   Code   RO          283    .text               c_w.l(libspace.o)
    0x080004b8   0x080004b8   0x0000000c   Code   RO          344    .text               c_w.l(sys_exit.o)
    0x080004c4   0x080004c4   0x00000002   Code   RO          355    .text               c_w.l(use_no_semi.o)
    0x080004c6   0x080004c6   0x00000000   Code   RO          357    .text               c_w.l(indicate_semi.o)
    0x080004c6   0x080004c6   0x00000002   PAD
    0x080004c8   0x080004c8   0x000000c0   Code   RO            1    i.ADC_Init          main.o
    0x08000588   0x08000588   0x00000040   Code   RO            2    i.ASCII             main.o
    0x080005c8   0x080005c8   0x00000124   Code   RO            3    i.GPIO_Init         main.o
    0x080006ec   0x080006ec   0x0000003c   Code   RO            4    i.I2C1_Initialize   main.o
    0x08000728   0x08000728   0x0000005c   Code   RO            5    i.I2C1_ReceiveData  main.o
    0x08000784   0x08000784   0x00000078   Code   RO            6    i.I2C1_SendData     main.o
    0x080007fc   0x080007fc   0x00000034   Code   RO            7    i.I2C1_Start        main.o
    0x08000830   0x08000830   0x00000034   Code   RO            8    i.I2C1_Stop         main.o
    0x08000864   0x08000864   0x00000018   Code   RO            9    i.I2C1_WaitLineIdle  main.o
    0x0800087c   0x0800087c   0x00000050   Code   RO          157    i.SystemInit        system_stm32l4xx.o
    0x080008cc   0x080008cc   0x0000006c   Code   RO           10    i.Timer1Init        main.o
    0x08000938   0x08000938   0x0000005c   Code   RO           11    i.Timer2Init        main.o
    0x08000994   0x08000994   0x00000088   Code   RO           12    i.USART1_Initialize  main.o
    0x08000a1c   0x08000a1c   0x00000068   Code   RO           14    i.USART1_Write      main.o
    0x08000a84   0x08000a84   0x00000008   Code   RO           15    i.VEM6070_Init      main.o
    0x08000a8c   0x08000a8c   0x0000016c   Code   RO           16    i.main              main.o
    0x08000bf8   0x08000bf8   0x00000026   Code   RO           17    i.turnSDOff         main.o
    0x08000c1e   0x08000c1e   0x00000012   Code   RO           18    i.turnSDOn          main.o
    0x08000c30   0x08000c30   0x00000026   Code   RO           19    i.turnSensorOff     main.o
    0x08000c56   0x08000c56   0x00000012   Code   RO           20    i.turnSensorOn      main.o
    0x08000c68   0x08000c68   0x0000000a   Code   RO          342    x$fpl$fpinit        fz_wm.l(fpinit.o)
    0x08000c72   0x08000c72   0x00000002   PAD
    0x08000c74   0x08000c74   0x00000010   Data   RO          410    Region$$Table       anon$$obj.o


    Execution Region ER_RW (Exec base: 0x20000000, Load base: 0x08000c84, Size: 0x00000000, Max: 0xffffffff, ABSOLUTE)

    **** No section assigned to this execution region ****


    Execution Region ER_ZI (Exec base: 0x20000000, Load base: 0x08000c84, Size: 0x00000660, Max: 0xffffffff, ABSOLUTE)

    Exec Addr    Load Addr    Size         Type   Attr      Idx    E Section Name        Object

    0x20000000        -       0x00000060   Zero   RW          284    .bss                c_w.l(libspace.o)
    0x20000060        -       0x00000200   Zero   RW          146    HEAP                startup_stm32l432xx.o
    0x20000260        -       0x00000400   Zero   RW          145    STACK               startup_stm32l432xx.o


==============================================================================

Image component sizes


      Code (inc. data)   RO Data    RW Data    ZI Data      Debug   Object Name

      1872        112          0          0          0      12114   main.o
        64         26        396          0       1536        924   startup_stm32l432xx.o
        80         12          0          0          0        553   system_stm32l4xx.o

    ----------------------------------------------------------------------
      2016        150        412          0       1536      13591   Object Totals
         0          0         16          0          0          0   (incl. Generated)
         0          0          0          0          0          0   (incl. Padding)

    ----------------------------------------------------------------------

      Code (inc. data)   RO Data    RW Data    ZI Data      Debug   Library Member Name

         8          0          0          0          0         68   __main.o
       104          0          0          0          0         84   __printf.o
         0          0          0          0          0          0   __rtentry.o
        12          0          0          0          0          0   __rtentry2.o
         6          0          0          0          0          0   __rtentry4.o
        52          8          0          0          0          0   __scatter.o
        28          0          0          0          0          0   __scatter_zi.o
        48          6          0          0          0         96   _printf_char_common.o
         6          0          0          0          0          0   _printf_d.o
       120         16          0          0          0         92   _printf_dec.o
       178          0          0          0          0         88   _printf_intcommon.o
         0          0          0          0          0          0   _printf_percent.o
         4          0          0          0          0          0   _printf_percent_end.o
        10          0          0          0          0         68   _sputc.o
        18          0          0          0          0         80   exit.o
         6          0          0          0          0        152   heapauxi.o
         0          0          0          0          0          0   indicate_semi.o
         2          0          0          0          0          0   libinit.o
         6          0          0          0          0          0   libinit2.o
         2          0          0          0          0          0   libshutdown.o
         2          0          0          0          0          0   libshutdown2.o
         8          4          0          0         96         68   libspace.o
        40          6          0          0          0         84   noretval__2sprintf.o
         2          0          0          0          0          0   rtexit.o
        10          0          0          0          0          0   rtexit2.o
        12          4          0          0          0         68   sys_exit.o
        74          0          0          0          0         80   sys_stackheap_outer.o
         2          0          0          0          0         68   use_no_semi.o
        10          0          0          0          0        116   fpinit.o

    ----------------------------------------------------------------------
       776         44          0          0         96       1212   Library Totals
         6          0          0          0          0          0   (incl. Padding)

    ----------------------------------------------------------------------

      Code (inc. data)   RO Data    RW Data    ZI Data      Debug   Library Name

       760         44          0          0         96       1096   c_w.l
        10          0          0          0          0        116   fz_wm.l

    ----------------------------------------------------------------------
       776         44          0          0         96       1212   Library Totals

    ----------------------------------------------------------------------

==============================================================================


      Code (inc. data)   RO Data    RW Data    ZI Data      Debug   

      2792        194        412          0       1632      12767   Grand Totals
      2792        194        412          0       1632      12767   ELF Image Totals
      2792        194        412          0          0          0   ROM Totals

==============================================================================

    Total RO  Size (Code + RO Data)                 3204 (   3.13kB)
    Total RW  Size (RW Data + ZI Data)              1632 (   1.59kB)
    Total ROM Size (Code + RO Data + RW Data)       3204 (   3.13kB)

==============================================================================

